// Jest Snapshot v1, https://goo.gl/fbAQLP

exports[`<Form /> rendering follows the snapshot 1`] = `
<form>
  <label>
    Name:
  </label>
  <input
    className="name"
    onChange={[Function]}
    type="text"
  />
  <input
    className="submitButton"
    onClick={undefined}
    type="submit"
  />
</form>
`;
